app/alertas/page.tsx(40,31): error TS2551: Property 'oferta' does not exist on type '{ _id: Id<"alertas">; _creationTime: number; ofertaId?: Id<"ofertas"> | undefined; metadata?: any; tipo: string; mensagem: string; lido: boolean; }'. Did you mean 'ofertaId'?
app/alertas/page.tsx(41,56): error TS2551: Property 'oferta' does not exist on type '{ _id: Id<"alertas">; _creationTime: number; ofertaId?: Id<"ofertas"> | undefined; metadata?: any; tipo: string; mensagem: string; lido: boolean; }'. Did you mean 'ofertaId'?
app/alertas/page.tsx(42,35): error TS2551: Property 'oferta' does not exist on type '{ _id: Id<"alertas">; _creationTime: number; ofertaId?: Id<"ofertas"> | undefined; metadata?: any; tipo: string; mensagem: string; lido: boolean; }'. Did you mean 'ofertaId'?
app/api/alertas/route.ts(11,49): error TS2339: Property 'listPaginated' does not exist on type '{ listarNaoLidos: FunctionReference<"query", "public", {}, { _id: Id<"alertas">; _creationTime: number; ofertaId?: Id<"ofertas"> | undefined; metadata?: any; tipo: string; mensagem: string; lido: boolean; }[], string | undefined>; marcarComoLido: FunctionReference<...>; list: FunctionReference<...>; unreadCount: Fun...'.
app/api/ofertas/route.ts(11,49): error TS2339: Property 'listPaginated' does not exist on type '{ listar: FunctionReference<"query", "public", {}, { _id: Id<"ofertas">; _creationTime: number; descricao?: string | undefined; subcategoria?: string | undefined; plataforma?: string | undefined; ... 10 more ...; sinais: any; }[], string | undefined>; ... 5 more ...; detailWithJoins: FunctionReference<...>; }'.
app/ofertas/[id]/page.tsx(12,47): error TS2339: Property 'getById' does not exist on type '{ listar: FunctionReference<"query", "public", {}, { _id: Id<"ofertas">; _creationTime: number; descricao?: string | undefined; subcategoria?: string | undefined; plataforma?: string | undefined; ... 10 more ...; sinais: any; }[], string | undefined>; ... 5 more ...; detailWithJoins: FunctionReference<...>; }'.
app/page.tsx(11,53): error TS2339: Property 'categoryDistribution' does not exist on type '{ listar: FunctionReference<"query", "public", {}, { _id: Id<"ofertas">; _creationTime: number; descricao?: string | undefined; subcategoria?: string | undefined; plataforma?: string | undefined; ... 10 more ...; sinais: any; }[], string | undefined>; ... 5 more ...; detailWithJoins: FunctionReference<...>; }'.
app/page.tsx(12,50): error TS2339: Property 'trendData' does not exist on type '{ listar: FunctionReference<"query", "public", {}, { _id: Id<"ofertas">; _creationTime: number; descricao?: string | undefined; subcategoria?: string | undefined; plataforma?: string | undefined; ... 10 more ...; sinais: any; }[], string | undefined>; ... 5 more ...; detailWithJoins: FunctionReference<...>; }'.
app/paginas/[id]/page.tsx(12,47): error TS2339: Property 'getWithOfertas' does not exist on type '{ listar: FunctionReference<"query", "public", {}, { _id: Id<"paginas">; _creationTime: number; titulo?: string | undefined; domainAgeDays?: number | undefined; pais?: string | undefined; idioma?: string | undefined; ... 9 more ...; status: string; }[], string | undefined>; list: FunctionReference<...>; detail: Func...'.
app/paginas/[id]/page.tsx(68,38): error TS7006: Parameter 'oferta' implicitly has an 'any' type.
app/paginas/page.tsx(28,40): error TS2339: Property 'plataforma' does not exist on type '{ _id: Id<"paginas">; _creationTime: number; titulo?: string | undefined; domainAgeDays?: number | undefined; pais?: string | undefined; idioma?: string | undefined; urlScreenshot?: string | undefined; ... 8 more ...; status: string; }'.
components/dashboard/AlertsFeed.tsx(8,48): error TS2339: Property 'listRecent' does not exist on type '{ listarNaoLidos: FunctionReference<"query", "public", {}, { _id: Id<"alertas">; _creationTime: number; ofertaId?: Id<"ofertas"> | undefined; metadata?: any; tipo: string; mensagem: string; lido: boolean; }[], string | undefined>; marcarComoLido: FunctionReference<...>; list: FunctionReference<...>; unreadCount: Fun...'.
components/dashboard/AlertsFeed.tsx(17,25): error TS7006: Parameter 'alerta' implicitly has an 'any' type.
components/dashboard/StatsCards.tsx(7,50): error TS2339: Property 'countToday' does not exist on type '{ listar: FunctionReference<"query", "public", {}, { _id: Id<"ofertas">; _creationTime: number; descricao?: string | undefined; subcategoria?: string | undefined; plataforma?: string | undefined; ... 10 more ...; sinais: any; }[], string | undefined>; ... 5 more ...; detailWithJoins: FunctionReference<...>; }'.
components/dashboard/StatsCards.tsx(8,51): error TS2339: Property 'averageScore' does not exist on type '{ listar: FunctionReference<"query", "public", {}, { _id: Id<"ofertas">; _creationTime: number; descricao?: string | undefined; subcategoria?: string | undefined; plataforma?: string | undefined; ... 10 more ...; sinais: any; }[], string | undefined>; ... 5 more ...; detailWithJoins: FunctionReference<...>; }'.
components/dashboard/StatsCards.tsx(9,56): error TS2339: Property 'countUnread' does not exist on type '{ listarNaoLidos: FunctionReference<"query", "public", {}, { _id: Id<"alertas">; _creationTime: number; ofertaId?: Id<"ofertas"> | undefined; metadata?: any; tipo: string; mensagem: string; lido: boolean; }[], string | undefined>; marcarComoLido: FunctionReference<...>; list: FunctionReference<...>; unreadCount: Fun...'.
convex/crons.ts(10,12): error TS2339: Property 'jobs' does not exist on type '{ paginas: { criar: FunctionReference<"mutation", "internal", { titulo?: string | undefined; domainAgeDays?: number | undefined; pais?: string | undefined; idioma?: string | undefined; urlScreenshot?: string | undefined; ... 5 more ...; tecnologias: string[]; }, string & { ...; }, string | undefined>; buscarPorDomin...'.
convex/crons.ts(17,12): error TS2339: Property 'jobs' does not exist on type '{ paginas: { criar: FunctionReference<"mutation", "internal", { titulo?: string | undefined; domainAgeDays?: number | undefined; pais?: string | undefined; idioma?: string | undefined; urlScreenshot?: string | undefined; ... 5 more ...; tecnologias: string[]; }, string & { ...; }, string | undefined>; buscarPorDomin...'.
convex/crons.ts(24,12): error TS2339: Property 'jobs' does not exist on type '{ paginas: { criar: FunctionReference<"mutation", "internal", { titulo?: string | undefined; domainAgeDays?: number | undefined; pais?: string | undefined; idioma?: string | undefined; urlScreenshot?: string | undefined; ... 5 more ...; tecnologias: string[]; }, string & { ...; }, string | undefined>; buscarPorDomin...'.
convex/crons.ts(31,12): error TS2339: Property 'jobs' does not exist on type '{ paginas: { criar: FunctionReference<"mutation", "internal", { titulo?: string | undefined; domainAgeDays?: number | undefined; pais?: string | undefined; idioma?: string | undefined; urlScreenshot?: string | undefined; ... 5 more ...; tecnologias: string[]; }, string & { ...; }, string | undefined>; buscarPorDomin...'.
convex/mutations.ts(58,7): error TS2353: Object literal may only specify known properties, and 'modelo' does not exist in type '{ descricao?: string | undefined; subcategoria?: string | undefined; plataforma?: string | undefined; urlImagem?: string | undefined; preco?: number | undefined; paginaId: Id<"paginas">; ... 7 more ...; sinais: any; }'.
convex/mutations.ts(88,25): error TS2345: Argument of type '"historicoScores"' is not assignable to parameter of type 'TableNamesInDataModel<{ paginas: { document: { _id: Id<"paginas">; _creationTime: number; titulo?: string | undefined; domainAgeDays?: number | undefined; pais?: string | undefined; idioma?: string | undefined; ... 9 more ...; status: string; }; fieldPaths: ExtractFieldPaths<...> | "_id"; indexes: { ...; }; searchIn...'.
convex/mutations.ts(138,14): error TS2345: Argument of type '"historicoScores"' is not assignable to parameter of type 'TableNamesInDataModel<{ paginas: { document: { _id: Id<"paginas">; _creationTime: number; titulo?: string | undefined; domainAgeDays?: number | undefined; pais?: string | undefined; idioma?: string | undefined; ... 9 more ...; status: string; }; fieldPaths: ExtractFieldPaths<...> | "_id"; indexes: { ...; }; searchIn...'.
convex/mutations.ts(139,18): error TS2345: Argument of type '"by_ofertaId"' is not assignable to parameter of type '"by_id" | "by_creation_time"'.
convex/mutations.ts(139,45): error TS2345: Argument of type '"ofertaId"' is not assignable to parameter of type '"_creationTime" | "_id"'.
packages/database/src/seed.ts(1,30): error TS2307: Cannot find module '@prisma/client' or its corresponding type declarations.
scripts/manual-scan.ts(1,31): error TS2307: Cannot find module '../services/worker/src/integrations/UrlscanClient' or its corresponding type declarations.
scripts/test-meta.ts(1,31): error TS2307: Cannot find module '../services/worker/src/integrations/MetaAdsClient' or its corresponding type declarations.
